// Jest Snapshot v1, https://goo.gl/fbAQLP

exports[`render the entire component in a Snapshot using the sidebar component 1`] = `
<div
  className="ui raised segments"
>
  <header>
    <h2>
      Name
    </h2>
  </header>
  <div
    className="ui segment form sidebar-name-plch"
  >
    <div
      className="inline field text"
      id="field-placeholder-name"
    >
      <div
        className="ui grid"
      >
        <div
          className="stretched row"
        >
          <div
            className="four wide column"
          >
            <div
              className="wrapper"
            >
              <label
                htmlFor="field-placeholder-name"
              >
                Placeholder
              </label>
            </div>
          </div>
          <div
            className="eight wide column"
          >
            <div
              className="ui input"
            >
              <input
                id="field-placeholder-name"
                maxLength={null}
                minLength={null}
                name="placeholder-name"
                onBlur={[Function]}
                onChange={[Function]}
                onClick={[Function]}
                type="text"
                value=""
              />
            </div>
          </div>
        </div>
      </div>
    </div>
  </div>
  <div
    className="ui segment form sidebar-name-req"
  >
    <div
      className="inline field"
      id="field-required-name"
    >
      <div
        className="ui grid"
      >
        <div
          className="stretched row"
        >
          <div
            className="twelve wide column"
          >
            <div
              className="wrapper"
            >
              <div
                className="ui checkbox"
                onChange={[Function]}
                onClick={[Function]}
                onMouseDown={[Function]}
                onMouseUp={[Function]}
              >
                <input
                  checked={false}
                  className="hidden"
                  name="field-required-name"
                  readOnly={true}
                  tabIndex={0}
                  type="checkbox"
                />
                <label
                  htmlFor="field-required-name"
                >
                  Required
                </label>
              </div>
            </div>
          </div>
        </div>
      </div>
    </div>
  </div>
  <header>
    <h2>
      Age
    </h2>
  </header>
  <div
    className="ui segment form sidebar-age-req"
  >
    <div
      className="inline field"
      id="field-required-age"
    >
      <div
        className="ui grid"
      >
        <div
          className="stretched row"
        >
          <div
            className="twelve wide column"
          >
            <div
              className="wrapper"
            >
              <div
                className="ui checkbox"
                onChange={[Function]}
                onClick={[Function]}
                onMouseDown={[Function]}
                onMouseUp={[Function]}
              >
                <input
                  checked={false}
                  className="hidden"
                  name="field-required-age"
                  readOnly={true}
                  tabIndex={0}
                  type="checkbox"
                />
                <label
                  htmlFor="field-required-age"
                >
                  Required
                </label>
              </div>
            </div>
          </div>
        </div>
      </div>
    </div>
  </div>
  <header>
    <h2>
      Sex
    </h2>
  </header>
  <div
    className="ui segment form sidebar-sex-req"
  >
    <div
      className="inline field"
      id="field-required-sex"
    >
      <div
        className="ui grid"
      >
        <div
          className="stretched row"
        >
          <div
            className="twelve wide column"
          >
            <div
              className="wrapper"
            >
              <div
                className="ui checkbox"
                onChange={[Function]}
                onClick={[Function]}
                onMouseDown={[Function]}
                onMouseUp={[Function]}
              >
                <input
                  checked={false}
                  className="hidden"
                  name="field-required-sex"
                  readOnly={true}
                  tabIndex={0}
                  type="checkbox"
                />
                <label
                  htmlFor="field-required-sex"
                >
                  Required
                </label>
              </div>
            </div>
          </div>
        </div>
      </div>
    </div>
  </div>
  <header>
    <h2>
      City
    </h2>
  </header>
  <div
    className="ui segment form sidebar-city-plch"
  >
    <div
      className="inline field text"
      id="field-placeholder-city"
    >
      <div
        className="ui grid"
      >
        <div
          className="stretched row"
        >
          <div
            className="four wide column"
          >
            <div
              className="wrapper"
            >
              <label
                htmlFor="field-placeholder-city"
              >
                Placeholder
              </label>
            </div>
          </div>
          <div
            className="eight wide column"
          >
            <div
              className="ui input"
            >
              <input
                id="field-placeholder-city"
                maxLength={null}
                minLength={null}
                name="placeholder-city"
                onBlur={[Function]}
                onChange={[Function]}
                onClick={[Function]}
                type="text"
                value=""
              />
            </div>
          </div>
        </div>
      </div>
    </div>
  </div>
  <div
    className="ui segment form sidebar-city-req"
  >
    <div
      className="inline field"
      id="field-required-city"
    >
      <div
        className="ui grid"
      >
        <div
          className="stretched row"
        >
          <div
            className="twelve wide column"
          >
            <div
              className="wrapper"
            >
              <div
                className="ui checkbox"
                onChange={[Function]}
                onClick={[Function]}
                onMouseDown={[Function]}
                onMouseUp={[Function]}
              >
                <input
                  checked={false}
                  className="hidden"
                  name="field-required-city"
                  readOnly={true}
                  tabIndex={0}
                  type="checkbox"
                />
                <label
                  htmlFor="field-required-city"
                >
                  Required
                </label>
              </div>
            </div>
          </div>
        </div>
      </div>
    </div>
  </div>
  <header>
    <h2>
      Notes
    </h2>
  </header>
  <div
    className="ui segment form sidebar-notes-plch"
  >
    <div
      className="inline field text"
      id="field-placeholder-notes"
    >
      <div
        className="ui grid"
      >
        <div
          className="stretched row"
        >
          <div
            className="four wide column"
          >
            <div
              className="wrapper"
            >
              <label
                htmlFor="field-placeholder-notes"
              >
                Placeholder
              </label>
            </div>
          </div>
          <div
            className="eight wide column"
          >
            <div
              className="ui input"
            >
              <input
                id="field-placeholder-notes"
                maxLength={null}
                minLength={null}
                name="placeholder-notes"
                onBlur={[Function]}
                onChange={[Function]}
                onClick={[Function]}
                type="text"
                value=""
              />
            </div>
          </div>
        </div>
      </div>
    </div>
  </div>
  <div
    className="ui segment form sidebar-notes-req"
  >
    <div
      className="inline field"
      id="field-required-notes"
    >
      <div
        className="ui grid"
      >
        <div
          className="stretched row"
        >
          <div
            className="twelve wide column"
          >
            <div
              className="wrapper"
            >
              <div
                className="ui checkbox"
                onChange={[Function]}
                onClick={[Function]}
                onMouseDown={[Function]}
                onMouseUp={[Function]}
              >
                <input
                  checked={false}
                  className="hidden"
                  name="field-required-notes"
                  readOnly={true}
                  tabIndex={0}
                  type="checkbox"
                />
                <label
                  htmlFor="field-required-notes"
                >
                  Required
                </label>
              </div>
            </div>
          </div>
        </div>
      </div>
    </div>
  </div>
</div>
`;
